{
  "Description": "Integration Test for aws-apigateway-lambda",
  "Resources": {
    "OpenApiGatewayToLambdaMessagesLambdaServiceRoleBB9A8559": {
      "Type": "AWS::IAM::Role",
      "Properties": {
        "AssumeRolePolicyDocument": {
          "Statement": [
            {
              "Action": "sts:AssumeRole",
              "Effect": "Allow",
              "Principal": {
                "Service": "lambda.amazonaws.com"
              }
            }
          ],
          "Version": "2012-10-17"
        },
        "Policies": [
          {
            "PolicyDocument": {
              "Statement": [
                {
                  "Action": [
                    "logs:CreateLogGroup",
                    "logs:CreateLogStream",
                    "logs:PutLogEvents"
                  ],
                  "Effect": "Allow",
                  "Resource": {
                    "Fn::Join": [
                      "",
                      [
                        "arn:",
                        {
                          "Ref": "AWS::Partition"
                        },
                        ":logs:",
                        {
                          "Ref": "AWS::Region"
                        },
                        ":",
                        {
                          "Ref": "AWS::AccountId"
                        },
                        ":log-group:/aws/lambda/*"
                      ]
                    ]
                  }
                }
              ],
              "Version": "2012-10-17"
            },
            "PolicyName": "LambdaFunctionServiceRolePolicy"
          }
        ]
      }
    },
    "OpenApiGatewayToLambdaMessagesLambdaServiceRoleDefaultPolicyC8E9C1A2": {
      "Type": "AWS::IAM::Policy",
      "Properties": {
        "PolicyDocument": {
          "Statement": [
            {
              "Action": [
                "xray:PutTraceSegments",
                "xray:PutTelemetryRecords"
              ],
              "Effect": "Allow",
              "Resource": "*"
            }
          ],
          "Version": "2012-10-17"
        },
        "PolicyName": "OpenApiGatewayToLambdaMessagesLambdaServiceRoleDefaultPolicyC8E9C1A2",
        "Roles": [
          {
            "Ref": "OpenApiGatewayToLambdaMessagesLambdaServiceRoleBB9A8559"
          }
        ]
      },
      "Metadata": {
        "cfn_nag": {
          "rules_to_suppress": [
            {
              "id": "W12",
              "reason": "Lambda needs the following minimum required permissions to send trace data to X-Ray and access ENIs in a VPC."
            }
          ]
        }
      }
    },
    "OpenApiGatewayToLambdaMessagesLambda504DE62F": {
      "Type": "AWS::Lambda::Function",
      "Properties": {
        "Code": {
          "S3Bucket": {
            "Fn::Sub": "cdk-hnb659fds-assets-${AWS::AccountId}-${AWS::Region}"
          },
          "S3Key": "673c9bba4ec17a652e876350ffa37106d485d605ea894e629ac13dbedd439a15.zip"
        },
        "Role": {
          "Fn::GetAtt": [
            "OpenApiGatewayToLambdaMessagesLambdaServiceRoleBB9A8559",
            "Arn"
          ]
        },
        "FunctionName": "MessagesLambda",
        "Handler": "index.handler",
        "Runtime": "nodejs18.x",
        "TracingConfig": {
          "Mode": "Active"
        }
      },
      "DependsOn": [
        "OpenApiGatewayToLambdaMessagesLambdaServiceRoleDefaultPolicyC8E9C1A2",
        "OpenApiGatewayToLambdaMessagesLambdaServiceRoleBB9A8559"
      ],
      "Metadata": {
        "cfn_nag": {
          "rules_to_suppress": [
            {
              "id": "W58",
              "reason": "Lambda functions has the required permission to write CloudWatch Logs. It uses custom policy instead of arn:aws:iam::aws:policy/service-role/AWSLambdaBasicExecutionRole with tighter permissions."
            },
            {
              "id": "W89",
              "reason": "This is not a rule for the general case, just for specific use cases/industries"
            },
            {
              "id": "W92",
              "reason": "Impossible for us to define the correct concurrency for clients"
            }
          ]
        }
      }
    },
    "OpenApiGatewayToLambdaMessagesLambdaPermitAPIGInvocation4EE21648": {
      "Type": "AWS::Lambda::Permission",
      "Properties": {
        "Action": "lambda:InvokeFunction",
        "FunctionName": {
          "Fn::GetAtt": [
            "OpenApiGatewayToLambdaMessagesLambda504DE62F",
            "Arn"
          ]
        },
        "Principal": "apigateway.amazonaws.com",
        "SourceArn": {
          "Fn::Join": [
            "",
            [
              "arn:",
              {
                "Ref": "AWS::Partition"
              },
              ":execute-api:",
              {
                "Ref": "AWS::Region"
              },
              ":",
              {
                "Ref": "AWS::AccountId"
              },
              ":",
              {
                "Ref": "OpenApiGatewayToLambdaSpecRestApi27C18064"
              },
              "/*/*/*"
            ]
          ]
        }
      }
    },
    "OpenApiGatewayToLambdaPhotosLambdaServiceRole29E439A4": {
      "Type": "AWS::IAM::Role",
      "Properties": {
        "AssumeRolePolicyDocument": {
          "Statement": [
            {
              "Action": "sts:AssumeRole",
              "Effect": "Allow",
              "Principal": {
                "Service": "lambda.amazonaws.com"
              }
            }
          ],
          "Version": "2012-10-17"
        },
        "Policies": [
          {
            "PolicyDocument": {
              "Statement": [
                {
                  "Action": [
                    "logs:CreateLogGroup",
                    "logs:CreateLogStream",
                    "logs:PutLogEvents"
                  ],
                  "Effect": "Allow",
                  "Resource": {
                    "Fn::Join": [
                      "",
                      [
                        "arn:",
                        {
                          "Ref": "AWS::Partition"
                        },
                        ":logs:",
                        {
                          "Ref": "AWS::Region"
                        },
                        ":",
                        {
                          "Ref": "AWS::AccountId"
                        },
                        ":log-group:/aws/lambda/*"
                      ]
                    ]
                  }
                }
              ],
              "Version": "2012-10-17"
            },
            "PolicyName": "LambdaFunctionServiceRolePolicy"
          }
        ]
      }
    },
    "OpenApiGatewayToLambdaPhotosLambdaServiceRoleDefaultPolicy797AD5AF": {
      "Type": "AWS::IAM::Policy",
      "Properties": {
        "PolicyDocument": {
          "Statement": [
            {
              "Action": [
                "xray:PutTraceSegments",
                "xray:PutTelemetryRecords"
              ],
              "Effect": "Allow",
              "Resource": "*"
            }
          ],
          "Version": "2012-10-17"
        },
        "PolicyName": "OpenApiGatewayToLambdaPhotosLambdaServiceRoleDefaultPolicy797AD5AF",
        "Roles": [
          {
            "Ref": "OpenApiGatewayToLambdaPhotosLambdaServiceRole29E439A4"
          }
        ]
      },
      "Metadata": {
        "cfn_nag": {
          "rules_to_suppress": [
            {
              "id": "W12",
              "reason": "Lambda needs the following minimum required permissions to send trace data to X-Ray and access ENIs in a VPC."
            }
          ]
        }
      }
    },
    "OpenApiGatewayToLambdaPhotosLambda8DE02304": {
      "Type": "AWS::Lambda::Function",
      "Properties": {
        "Code": {
          "S3Bucket": {
            "Fn::Sub": "cdk-hnb659fds-assets-${AWS::AccountId}-${AWS::Region}"
          },
          "S3Key": "198c9d57df53851d889f203e9a0535f094318d995760890fbf5a196c0aa4d610.zip"
        },
        "Role": {
          "Fn::GetAtt": [
            "OpenApiGatewayToLambdaPhotosLambdaServiceRole29E439A4",
            "Arn"
          ]
        },
        "FunctionName": "PhotosLambda",
        "Handler": "index.handler",
        "Runtime": "nodejs18.x",
        "TracingConfig": {
          "Mode": "Active"
        }
      },
      "DependsOn": [
        "OpenApiGatewayToLambdaPhotosLambdaServiceRoleDefaultPolicy797AD5AF",
        "OpenApiGatewayToLambdaPhotosLambdaServiceRole29E439A4"
      ],
      "Metadata": {
        "cfn_nag": {
          "rules_to_suppress": [
            {
              "id": "W58",
              "reason": "Lambda functions has the required permission to write CloudWatch Logs. It uses custom policy instead of arn:aws:iam::aws:policy/service-role/AWSLambdaBasicExecutionRole with tighter permissions."
            },
            {
              "id": "W89",
              "reason": "This is not a rule for the general case, just for specific use cases/industries"
            },
            {
              "id": "W92",
              "reason": "Impossible for us to define the correct concurrency for clients"
            }
          ]
        }
      }
    },
    "OpenApiGatewayToLambdaPhotosLambdaPermitAPIGInvocationDBBAA170": {
      "Type": "AWS::Lambda::Permission",
      "Properties": {
        "Action": "lambda:InvokeFunction",
        "FunctionName": {
          "Fn::GetAtt": [
            "OpenApiGatewayToLambdaPhotosLambda8DE02304",
            "Arn"
          ]
        },
        "Principal": "apigateway.amazonaws.com",
        "SourceArn": {
          "Fn::Join": [
            "",
            [
              "arn:",
              {
                "Ref": "AWS::Partition"
              },
              ":execute-api:",
              {
                "Ref": "AWS::Region"
              },
              ":",
              {
                "Ref": "AWS::AccountId"
              },
              ":",
              {
                "Ref": "OpenApiGatewayToLambdaSpecRestApi27C18064"
              },
              "/*/*/*"
            ]
          ]
        }
      }
    },
    "OpenApiGatewayToLambdaApiTemplateWriterLambdaRoleCBDA4014": {
      "Type": "AWS::IAM::Role",
      "Properties": {
        "AssumeRolePolicyDocument": {
          "Statement": [
            {
              "Action": "sts:AssumeRole",
              "Effect": "Allow",
              "Principal": {
                "Service": "lambda.amazonaws.com"
              }
            }
          ],
          "Version": "2012-10-17"
        },
        "Description": "Role used by the ApiTemplateWriterLambda to update the open api spec with resolved lambda proxy arn",
        "Policies": [
          {
            "PolicyDocument": {
              "Statement": [
                {
                  "Action": [
                    "logs:CreateLogGroup",
                    "logs:CreateLogStream",
                    "logs:PutLogEvents"
                  ],
                  "Effect": "Allow",
                  "Resource": {
                    "Fn::Join": [
                      "",
                      [
                        "arn:",
                        {
                          "Ref": "AWS::Partition"
                        },
                        ":logs:",
                        {
                          "Ref": "AWS::Region"
                        },
                        ":",
                        {
                          "Ref": "AWS::AccountId"
                        },
                        ":log-group:/aws/lambda/*"
                      ]
                    ]
                  }
                }
              ],
              "Version": "2012-10-17"
            },
            "PolicyName": "CloudWatchLogs"
          },
          {
            "PolicyDocument": {
              "Statement": [
                {
                  "Action": "s3:GetObject",
                  "Effect": "Allow",
                  "Resource": {
                    "Fn::Join": [
                      "",
                      [
                        "arn:",
                        {
                          "Ref": "AWS::Partition"
                        },
                        ":s3:::",
                        {
                          "Fn::Sub": "cdk-hnb659fds-assets-${AWS::AccountId}-${AWS::Region}"
                        },
                        "/57155bbfcfa2d9e7a3dd72c8cbb87a2f9340552c306b889ed5153ef768f03cc6.yaml"
                      ]
                    ]
                  }
                }
              ],
              "Version": "2012-10-17"
            },
            "PolicyName": "ReadOpenApiSpecPolicy"
          },
          {
            "PolicyDocument": {
              "Statement": [
                {
                  "Action": "s3:PutObject",
                  "Effect": "Allow",
                  "Resource": {
                    "Fn::Join": [
                      "",
                      [
                        "arn:",
                        {
                          "Ref": "AWS::Partition"
                        },
                        ":s3:::",
                        {
                          "Fn::Sub": "cdk-hnb659fds-assets-${AWS::AccountId}-${AWS::Region}"
                        },
                        "/*"
                      ]
                    ]
                  }
                }
              ],
              "Version": "2012-10-17"
            },
            "PolicyName": "WriteOpenApiSpecPolicy"
          }
        ]
      }
    },
    "OpenApiGatewayToLambdaApiTemplateWriterLambdaB6880EE9": {
      "Type": "AWS::Lambda::Function",
      "Properties": {
        "Code": {
          "S3Bucket": {
            "Fn::Sub": "cdk-hnb659fds-assets-${AWS::AccountId}-${AWS::Region}"
          },
          "S3Key": "26ee77d33695eee2f04cb32ebcece4ea11d09302495527d1eae7e9c56d9d2f77.zip"
        },
        "Role": {
          "Fn::GetAtt": [
            "OpenApiGatewayToLambdaApiTemplateWriterLambdaRoleCBDA4014",
            "Arn"
          ]
        },
        "Handler": "index.handler",
        "Runtime": "nodejs18.x"
      },
      "DependsOn": [
        "OpenApiGatewayToLambdaApiTemplateWriterLambdaRoleCBDA4014"
      ]
    },
    "OpenApiGatewayToLambdaApiTemplateWriterProviderframeworkonEventServiceRoleFEE201A1": {
      "Type": "AWS::IAM::Role",
      "Properties": {
        "AssumeRolePolicyDocument": {
          "Statement": [
            {
              "Action": "sts:AssumeRole",
              "Effect": "Allow",
              "Principal": {
                "Service": "lambda.amazonaws.com"
              }
            }
          ],
          "Version": "2012-10-17"
        },
        "ManagedPolicyArns": [
          {
            "Fn::Join": [
              "",
              [
                "arn:",
                {
                  "Ref": "AWS::Partition"
                },
                ":iam::aws:policy/service-role/AWSLambdaBasicExecutionRole"
              ]
            ]
          }
        ]
      }
    },
    "OpenApiGatewayToLambdaApiTemplateWriterProviderframeworkonEventServiceRoleDefaultPolicyB630DBDA": {
      "Type": "AWS::IAM::Policy",
      "Properties": {
        "PolicyDocument": {
          "Statement": [
            {
              "Action": "lambda:InvokeFunction",
              "Effect": "Allow",
              "Resource": [
                {
                  "Fn::GetAtt": [
                    "OpenApiGatewayToLambdaApiTemplateWriterLambdaB6880EE9",
                    "Arn"
                  ]
                },
                {
                  "Fn::Join": [
                    "",
                    [
                      {
                        "Fn::GetAtt": [
                          "OpenApiGatewayToLambdaApiTemplateWriterLambdaB6880EE9",
                          "Arn"
                        ]
                      },
                      ":*"
                    ]
                  ]
                }
              ]
            }
          ],
          "Version": "2012-10-17"
        },
        "PolicyName": "OpenApiGatewayToLambdaApiTemplateWriterProviderframeworkonEventServiceRoleDefaultPolicyB630DBDA",
        "Roles": [
          {
            "Ref": "OpenApiGatewayToLambdaApiTemplateWriterProviderframeworkonEventServiceRoleFEE201A1"
          }
        ]
      }
    },
    "OpenApiGatewayToLambdaApiTemplateWriterProviderframeworkonEventEF37D730": {
      "Type": "AWS::Lambda::Function",
      "Properties": {
        "Code": {
          "S3Bucket": {
            "Fn::Sub": "cdk-hnb659fds-assets-${AWS::AccountId}-${AWS::Region}"
          },
          "S3Key": "e8fea7e029780f03a78580d41b7ffbc4551d6e7d6caa190a451880191c166189.zip"
        },
        "Role": {
          "Fn::GetAtt": [
            "OpenApiGatewayToLambdaApiTemplateWriterProviderframeworkonEventServiceRoleFEE201A1",
            "Arn"
          ]
        },
        "Description": "AWS CDK resource provider framework - onEvent (simpleDeployment/OpenApiGatewayToLambda/ApiTemplateWriterProvider)",
        "Environment": {
          "Variables": {
            "USER_ON_EVENT_FUNCTION_ARN": {
              "Fn::GetAtt": [
                "OpenApiGatewayToLambdaApiTemplateWriterLambdaB6880EE9",
                "Arn"
              ]
            }
          }
        },
        "Handler": "framework.onEvent",
        "Runtime": "nodejs14.x",
        "Timeout": 900
      },
      "DependsOn": [
        "OpenApiGatewayToLambdaApiTemplateWriterProviderframeworkonEventServiceRoleDefaultPolicyB630DBDA",
        "OpenApiGatewayToLambdaApiTemplateWriterProviderframeworkonEventServiceRoleFEE201A1"
      ]
    },
    "OpenApiGatewayToLambdaApiTemplateWriterE3C6097F": {
      "Type": "Custom::ApiTemplateWriter",
      "Properties": {
        "ServiceToken": {
          "Fn::GetAtt": [
            "OpenApiGatewayToLambdaApiTemplateWriterProviderframeworkonEventEF37D730",
            "Arn"
          ]
        },
        "ApiIntegrationUris": {
          "Fn::Join": [
            "",
            [
              "{\"apiIntegrationUris\":[{\"id\":\"MessagesHandler\",\"uri\":\"arn:",
              {
                "Ref": "AWS::Partition"
              },
              ":apigateway:",
              {
                "Ref": "AWS::Region"
              },
              ":lambda:path/2015-03-31/functions/",
              {
                "Fn::GetAtt": [
                  "OpenApiGatewayToLambdaMessagesLambda504DE62F",
                  "Arn"
                ]
              },
              "/invocations\"},{\"id\":\"PhotosHandler\",\"uri\":\"arn:",
              {
                "Ref": "AWS::Partition"
              },
              ":apigateway:",
              {
                "Ref": "AWS::Region"
              },
              ":lambda:path/2015-03-31/functions/",
              {
                "Fn::GetAtt": [
                  "OpenApiGatewayToLambdaPhotosLambda8DE02304",
                  "Arn"
                ]
              },
              "/invocations\"}]}"
            ]
          ]
        },
        "ApiDefinitionInputBucket": {
          "Fn::Sub": "cdk-hnb659fds-assets-${AWS::AccountId}-${AWS::Region}"
        },
        "ApiDefinitionInputKey": "57155bbfcfa2d9e7a3dd72c8cbb87a2f9340552c306b889ed5153ef768f03cc6.yaml",
        "ApiDefinitionOutputBucket": {
          "Fn::Sub": "cdk-hnb659fds-assets-${AWS::AccountId}-${AWS::Region}"
        }
      },
      "UpdateReplacePolicy": "Delete",
      "DeletionPolicy": "Delete"
    },
    "OpenApiGatewayToLambdaApiAccessLogGroupE21284EC": {
      "Type": "AWS::Logs::LogGroup",
      "UpdateReplacePolicy": "Retain",
      "DeletionPolicy": "Retain",
      "Metadata": {
        "cfn_nag": {
          "rules_to_suppress": [
            {
              "id": "W86",
              "reason": "Retention period for CloudWatchLogs LogGroups are set to 'Never Expire' to preserve customer data indefinitely"
            },
            {
              "id": "W84",
              "reason": "By default CloudWatchLogs LogGroups data is encrypted using the CloudWatch server-side encryption keys (AWS Managed Keys)"
            }
          ]
        }
      }
    },
    "OpenApiGatewayToLambdaSpecRestApi27C18064": {
      "Type": "AWS::ApiGateway::RestApi",
      "Properties": {
        "BodyS3Location": {
          "Bucket": {
            "Fn::Sub": "cdk-hnb659fds-assets-${AWS::AccountId}-${AWS::Region}"
          },
          "Key": {
            "Fn::GetAtt": [
              "OpenApiGatewayToLambdaApiTemplateWriterE3C6097F",
              "ApiDefinitionOutputKey"
            ]
          }
        },
        "Name": "SpecRestApi"
      }
    },
    "OpenApiGatewayToLambdaSpecRestApiDeploymentC8BD0775caa233c9f20dc16c55858ea7d65c0182": {
      "Type": "AWS::ApiGateway::Deployment",
      "Properties": {
        "RestApiId": {
          "Ref": "OpenApiGatewayToLambdaSpecRestApi27C18064"
        },
        "Description": "Automatically created by the RestApi construct"
      },
      "Metadata": {
        "cfn_nag": {
          "rules_to_suppress": [
            {
              "id": "W45",
              "reason": "ApiGateway has AccessLogging enabled in AWS::ApiGateway::Stage resource, but cfn_nag checkes for it in AWS::ApiGateway::Deployment resource"
            }
          ]
        }
      }
    },
    "OpenApiGatewayToLambdaSpecRestApiDeploymentStageprodB962CBBB": {
      "Type": "AWS::ApiGateway::Stage",
      "Properties": {
        "RestApiId": {
          "Ref": "OpenApiGatewayToLambdaSpecRestApi27C18064"
        },
        "AccessLogSetting": {
          "DestinationArn": {
            "Fn::GetAtt": [
              "OpenApiGatewayToLambdaApiAccessLogGroupE21284EC",
              "Arn"
            ]
          },
          "Format": "{\"requestId\":\"$context.requestId\",\"ip\":\"$context.identity.sourceIp\",\"user\":\"$context.identity.user\",\"caller\":\"$context.identity.caller\",\"requestTime\":\"$context.requestTime\",\"httpMethod\":\"$context.httpMethod\",\"resourcePath\":\"$context.resourcePath\",\"status\":\"$context.status\",\"protocol\":\"$context.protocol\",\"responseLength\":\"$context.responseLength\"}"
        },
        "DeploymentId": {
          "Ref": "OpenApiGatewayToLambdaSpecRestApiDeploymentC8BD0775caa233c9f20dc16c55858ea7d65c0182"
        },
        "MethodSettings": [
          {
            "DataTraceEnabled": false,
            "HttpMethod": "*",
            "LoggingLevel": "INFO",
            "ResourcePath": "/*"
          }
        ],
        "StageName": "prod",
        "TracingEnabled": true
      }
    },
    "OpenApiGatewayToLambdaSpecRestApiUsagePlan44F6F5C6": {
      "Type": "AWS::ApiGateway::UsagePlan",
      "Properties": {
        "ApiStages": [
          {
            "ApiId": {
              "Ref": "OpenApiGatewayToLambdaSpecRestApi27C18064"
            },
            "Stage": {
              "Ref": "OpenApiGatewayToLambdaSpecRestApiDeploymentStageprodB962CBBB"
            },
            "Throttle": {}
          }
        ]
      }
    },
    "OpenApiGatewayToLambdaLambdaRestApiCloudWatchRoleBC7E6D95": {
      "Type": "AWS::IAM::Role",
      "Properties": {
        "AssumeRolePolicyDocument": {
          "Statement": [
            {
              "Action": "sts:AssumeRole",
              "Effect": "Allow",
              "Principal": {
                "Service": "apigateway.amazonaws.com"
              }
            }
          ],
          "Version": "2012-10-17"
        },
        "Policies": [
          {
            "PolicyDocument": {
              "Statement": [
                {
                  "Action": [
                    "logs:CreateLogGroup",
                    "logs:CreateLogStream",
                    "logs:DescribeLogGroups",
                    "logs:DescribeLogStreams",
                    "logs:PutLogEvents",
                    "logs:GetLogEvents",
                    "logs:FilterLogEvents"
                  ],
                  "Effect": "Allow",
                  "Resource": {
                    "Fn::Join": [
                      "",
                      [
                        "arn:",
                        {
                          "Ref": "AWS::Partition"
                        },
                        ":logs:",
                        {
                          "Ref": "AWS::Region"
                        },
                        ":",
                        {
                          "Ref": "AWS::AccountId"
                        },
                        ":*"
                      ]
                    ]
                  }
                }
              ],
              "Version": "2012-10-17"
            },
            "PolicyName": "LambdaRestApiCloudWatchRolePolicy"
          }
        ]
      }
    },
    "OpenApiGatewayToLambdaLambdaRestApiAccount71EC7DA6": {
      "Type": "AWS::ApiGateway::Account",
      "Properties": {
        "CloudWatchRoleArn": {
          "Fn::GetAtt": [
            "OpenApiGatewayToLambdaLambdaRestApiCloudWatchRoleBC7E6D95",
            "Arn"
          ]
        }
      },
      "DependsOn": [
        "OpenApiGatewayToLambdaSpecRestApi27C18064"
      ]
    }
  },
  "Outputs": {
    "OpenApiGatewayToLambdaSpecRestApiEndpointD1FA5E3A": {
      "Value": {
        "Fn::Join": [
          "",
          [
            "https://",
            {
              "Ref": "OpenApiGatewayToLambdaSpecRestApi27C18064"
            },
            ".execute-api.",
            {
              "Ref": "AWS::Region"
            },
            ".",
            {
              "Ref": "AWS::URLSuffix"
            },
            "/",
            {
              "Ref": "OpenApiGatewayToLambdaSpecRestApiDeploymentStageprodB962CBBB"
            },
            "/"
          ]
        ]
      }
    }
  },
  "Parameters": {
    "BootstrapVersion": {
      "Type": "AWS::SSM::Parameter::Value<String>",
      "Default": "/cdk-bootstrap/hnb659fds/version",
      "Description": "Version of the CDK Bootstrap resources in this environment, automatically retrieved from SSM Parameter Store. [cdk:skip]"
    }
  },
  "Rules": {
    "CheckBootstrapVersion": {
      "Assertions": [
        {
          "Assert": {
            "Fn::Not": [
              {
                "Fn::Contains": [
                  [
                    "1",
                    "2",
                    "3",
                    "4",
                    "5"
                  ],
                  {
                    "Ref": "BootstrapVersion"
                  }
                ]
              }
            ]
          },
          "AssertDescription": "CDK bootstrap stack version 6 required. Please run 'cdk bootstrap' with a recent version of the CDK CLI."
        }
      ]
    }
  }
}